// Jest Snapshot v1, https://goo.gl/fbAQLP

exports[`a bit of everything can work 1`] = `
Object {
  "components": Object {
    "requestBodies": Object {
      "grpc.gateway.examples.internal.examplepb.ABitOfEverything": Object {
        "content": Object {
          "application/json": Object {
            "schema": Object {
              "$ref": "#/components/schemas/grpc.gateway.examples.internal.examplepb.ABitOfEverything",
            },
          },
        },
        "description": "Intentionally complicated message type to cover many features of Protobuf.",
        "required": true,
      },
    },
    "schemas": Object {
      "grpc.gateway.examples.internal.examplepb.ABitOfEverything": Object {
        "description": "Intentionally complicated message type to cover many features of Protobuf.",
        "properties": Object {
          "bool_value": Object {
            "type": "boolean",
          },
          "bytes_value": Object {
            "format": "byte",
            "type": "string",
          },
          "double_value": Object {
            "format": "double",
            "type": "string",
          },
          "enum_value": Object {
            "$ref": "#/components/schemas/grpc.gateway.examples.internal.examplepb.NumericEnum",
          },
          "enum_value_annotation": Object {
            "$ref": "#/components/schemas/grpc.gateway.examples.internal.examplepb.NumericEnum",
          },
          "fixed32_value": Object {
            "format": "int32",
            "type": "integer",
          },
          "fixed64_value": Object {
            "format": "int64",
            "type": "string",
          },
          "float_value": Object {
            "format": "float",
            "type": "number",
          },
          "int32_value": Object {
            "format": "int32",
            "type": "integer",
          },
          "int64_override_type": Object {
            "format": "int64",
            "type": "string",
          },
          "int64_value": Object {
            "format": "int64",
            "type": "string",
          },
          "map_value": Object {
            "$ref": "#/components/schemas/grpc.gateway.examples.internal.examplepb.NumericEnum",
          },
          "mapped_nested_value": Object {
            "$ref": "#/components/schemas/grpc.gateway.examples.internal.examplepb.ABitOfEverything.Nested",
          },
          "mapped_string_value": Object {
            "type": "string",
          },
          "nested": Object {
            "items": Object {
              "$ref": "#/components/schemas/grpc.gateway.examples.internal.examplepb.ABitOfEverything.Nested",
            },
            "type": "array",
          },
          "nested_annotation": Object {
            "$ref": "#/components/schemas/grpc.gateway.examples.internal.examplepb.ABitOfEverything.Nested",
          },
          "nested_path_enum_value": Object {},
          "nonConventionalNameValue": Object {
            "type": "string",
          },
          "oneof_empty": Object {},
          "oneof_string": Object {
            "type": "string",
          },
          "path_enum_value": Object {},
          "repeated_enum_annotation": Object {
            "description": "repeated numeric enum comment (This comment is overridden by the field annotation)",
            "items": Object {
              "$ref": "#/components/schemas/grpc.gateway.examples.internal.examplepb.NumericEnum",
            },
            "type": "array",
          },
          "repeated_enum_value": Object {
            "description": "repeated enum value. it is comma-separated in query",
            "items": Object {
              "$ref": "#/components/schemas/grpc.gateway.examples.internal.examplepb.NumericEnum",
            },
            "type": "array",
          },
          "repeated_nested_annotation": Object {
            "description": "repeated nested object comment (This comment is overridden by the field annotation)",
            "items": Object {
              "$ref": "#/components/schemas/grpc.gateway.examples.internal.examplepb.ABitOfEverything.Nested",
            },
            "type": "array",
          },
          "repeated_string_annotation": Object {
            "description": "repeated string comment (This comment is overridden by the field annotation)",
            "items": Object {
              "type": "string",
            },
            "type": "array",
          },
          "repeated_string_value": Object {
            "items": Object {
              "type": "string",
            },
            "type": "array",
          },
          "sfixed32_value": Object {
            "format": "int64",
            "type": "integer",
          },
          "sfixed64_value": Object {
            "format": "int64",
            "type": "string",
          },
          "single_nested": Object {
            "$ref": "#/components/schemas/grpc.gateway.examples.internal.examplepb.ABitOfEverything.Nested",
          },
          "sint32_value": Object {
            "format": "int32",
            "type": "integer",
          },
          "sint64_value": Object {
            "format": "int64",
            "type": "string",
          },
          "string_value": Object {
            "type": "string",
          },
          "timestamp_value": Object {},
          "uint32_value": Object {
            "format": "int32",
            "type": "integer",
          },
          "uint64_value": Object {
            "format": "int64",
            "type": "string",
          },
          "uuid": Object {
            "type": "string",
          },
        },
        "type": "object",
      },
      "grpc.gateway.examples.internal.examplepb.ABitOfEverything.Nested": Object {
        "description": "Nested is nested type.",
        "properties": Object {
          "amount": Object {
            "format": "int32",
            "type": "integer",
          },
          "name": Object {
            "description": "name is nested field.",
            "type": "string",
          },
          "ok": Object {
            "$ref": "#/components/schemas/grpc.gateway.examples.internal.examplepb.ABitOfEverything.Nested.DeepEnum",
          },
        },
        "type": "object",
      },
      "grpc.gateway.examples.internal.examplepb.ABitOfEverything.Nested.DeepEnum": Object {
        "description": "DeepEnum is one or zero.
0 - FALSE // FALSE is false.
1 - TRUE // TRUE is true.",
        "enum": Array [
          0,
          1,
        ],
        "type": "number",
      },
      "grpc.gateway.examples.internal.examplepb.ABitOfEverythingRepeated": Object {
        "description": "ABitOfEverythingRepeated is used to validate repeated path parameter functionality",
        "properties": Object {
          "path_repeated_bool_value": Object {
            "items": Object {
              "type": "boolean",
            },
            "type": "array",
          },
          "path_repeated_bytes_value": Object {
            "items": Object {
              "format": "byte",
              "type": "string",
            },
            "type": "array",
          },
          "path_repeated_double_value": Object {
            "items": Object {
              "format": "double",
              "type": "string",
            },
            "type": "array",
          },
          "path_repeated_enum_value": Object {
            "items": Object {
              "$ref": "#/components/schemas/grpc.gateway.examples.internal.examplepb.NumericEnum",
            },
            "type": "array",
          },
          "path_repeated_fixed32_value": Object {
            "items": Object {
              "format": "int32",
              "type": "integer",
            },
            "type": "array",
          },
          "path_repeated_fixed64_value": Object {
            "items": Object {
              "format": "int64",
              "type": "string",
            },
            "type": "array",
          },
          "path_repeated_float_value": Object {
            "description": "repeated values. they are comma-separated in path",
            "items": Object {
              "format": "float",
              "type": "number",
            },
            "type": "array",
          },
          "path_repeated_int32_value": Object {
            "items": Object {
              "format": "int32",
              "type": "integer",
            },
            "type": "array",
          },
          "path_repeated_int64_value": Object {
            "items": Object {
              "format": "int64",
              "type": "string",
            },
            "type": "array",
          },
          "path_repeated_sfixed32_value": Object {
            "items": Object {
              "format": "int64",
              "type": "integer",
            },
            "type": "array",
          },
          "path_repeated_sfixed64_value": Object {
            "items": Object {
              "format": "int64",
              "type": "string",
            },
            "type": "array",
          },
          "path_repeated_sint32_value": Object {
            "items": Object {
              "format": "int32",
              "type": "integer",
            },
            "type": "array",
          },
          "path_repeated_sint64_value": Object {
            "items": Object {
              "format": "int64",
              "type": "string",
            },
            "type": "array",
          },
          "path_repeated_string_value": Object {
            "items": Object {
              "type": "string",
            },
            "type": "array",
          },
          "path_repeated_uint32_value": Object {
            "items": Object {
              "format": "int32",
              "type": "integer",
            },
            "type": "array",
          },
          "path_repeated_uint64_value": Object {
            "items": Object {
              "format": "int64",
              "type": "string",
            },
            "type": "array",
          },
        },
        "type": "object",
      },
      "grpc.gateway.examples.internal.examplepb.Body": Object {
        "properties": Object {
          "name": Object {
            "type": "string",
          },
        },
        "type": "object",
      },
      "grpc.gateway.examples.internal.examplepb.Book": Object {
        "description": "An example resource type from AIP-123 used to test the behavior described in
the CreateBookRequest message.

See: https://google.aip.dev/123",
        "properties": Object {
          "create_time": Object {
            "description": "Output only. Creation time of the book.",
          },
          "id": Object {
            "description": "Output only. The book's ID.",
            "type": "string",
          },
          "name": Object {
            "description": "The resource name of the book.

Format: \`publishers/{publisher}/books/{book}\`

Example: \`publishers/1257894000000000000/books/my-book\`",
            "type": "string",
          },
        },
        "type": "object",
      },
      "grpc.gateway.examples.internal.examplepb.CreateBookRequest": Object {
        "description": "A standard Create message from AIP-133 with a user-specified ID.
The user-specified ID (the \`book_id\` field in this example) must become a
query parameter in the OpenAPI spec.

See: https://google.aip.dev/133#user-specified-ids",
        "properties": Object {
          "book": Object {
            "$ref": "#/components/schemas/grpc.gateway.examples.internal.examplepb.Book",
          },
          "book_id": Object {
            "description": "The ID to use for the book.

This must start with an alphanumeric character.",
            "type": "string",
          },
          "parent": Object {
            "description": "The publisher in which to create the book.

Format: \`publishers/{publisher}\`

Example: \`publishers/1257894000000000000\`",
            "type": "string",
          },
        },
        "type": "object",
      },
      "grpc.gateway.examples.internal.examplepb.MessageWithBody": Object {
        "properties": Object {
          "data": Object {
            "$ref": "#/components/schemas/grpc.gateway.examples.internal.examplepb.Body",
          },
          "id": Object {
            "type": "string",
          },
        },
        "type": "object",
      },
      "grpc.gateway.examples.internal.examplepb.NumericEnum": Object {
        "description": "NumericEnum is one or zero.
0 - ZERO // ZERO means 0
1 - ONE // ONE means 1",
        "enum": Array [
          0,
          1,
        ],
        "type": "number",
      },
      "grpc.gateway.examples.internal.examplepb.UpdateV2Request": Object {
        "description": "UpdateV2Request request for update includes the message and the update mask",
        "properties": Object {
          "abe": Object {
            "$ref": "#/components/schemas/grpc.gateway.examples.internal.examplepb.ABitOfEverything",
          },
          "update_mask": Object {},
        },
        "type": "object",
      },
    },
  },
  "info": Object {
    "description": "",
    "title": "a_bit_of_everything",
    "version": "1",
  },
  "openapi": "3.0.0",
  "paths": Object {
    "/grpc.gateway.examples.internal.examplepb.ABitOfEverythingService/CheckExternalNestedPathEnum": Object {
      "post": Object {
        "description": "",
        "operationId": "grpc.gateway.examples.internal.examplepb.ABitOfEverythingService.CheckExternalNestedPathEnum",
        "responses": Object {
          "200": Object {
            "content": Object {
              "*/*": Object {
                "schema": Object {},
              },
            },
            "description": "",
          },
        },
      },
    },
    "/grpc.gateway.examples.internal.examplepb.ABitOfEverythingService/CheckExternalPathEnum": Object {
      "post": Object {
        "description": "",
        "operationId": "grpc.gateway.examples.internal.examplepb.ABitOfEverythingService.CheckExternalPathEnum",
        "responses": Object {
          "200": Object {
            "content": Object {
              "*/*": Object {
                "schema": Object {},
              },
            },
            "description": "",
          },
        },
      },
    },
    "/grpc.gateway.examples.internal.examplepb.ABitOfEverythingService/CheckGetQueryParams": Object {
      "post": Object {
        "description": "",
        "operationId": "grpc.gateway.examples.internal.examplepb.ABitOfEverythingService.CheckGetQueryParams",
        "requestBody": Object {
          "$ref": "#/components/requestBodies/grpc.gateway.examples.internal.examplepb.ABitOfEverything",
        },
        "responses": Object {
          "200": Object {
            "content": Object {
              "*/*": Object {
                "schema": Object {
                  "$ref": "#/components/schemas/grpc.gateway.examples.internal.examplepb.ABitOfEverything",
                },
              },
            },
            "description": "",
          },
        },
      },
    },
    "/grpc.gateway.examples.internal.examplepb.ABitOfEverythingService/CheckNestedEnumGetQueryParams": Object {
      "post": Object {
        "description": "",
        "operationId": "grpc.gateway.examples.internal.examplepb.ABitOfEverythingService.CheckNestedEnumGetQueryParams",
        "requestBody": Object {
          "$ref": "#/components/requestBodies/grpc.gateway.examples.internal.examplepb.ABitOfEverything",
        },
        "responses": Object {
          "200": Object {
            "content": Object {
              "*/*": Object {
                "schema": Object {
                  "$ref": "#/components/schemas/grpc.gateway.examples.internal.examplepb.ABitOfEverything",
                },
              },
            },
            "description": "",
          },
        },
      },
    },
    "/grpc.gateway.examples.internal.examplepb.ABitOfEverythingService/CheckPostQueryParams": Object {
      "post": Object {
        "description": "",
        "operationId": "grpc.gateway.examples.internal.examplepb.ABitOfEverythingService.CheckPostQueryParams",
        "requestBody": Object {
          "$ref": "#/components/requestBodies/grpc.gateway.examples.internal.examplepb.ABitOfEverything",
        },
        "responses": Object {
          "200": Object {
            "content": Object {
              "*/*": Object {
                "schema": Object {
                  "$ref": "#/components/schemas/grpc.gateway.examples.internal.examplepb.ABitOfEverything",
                },
              },
            },
            "description": "",
          },
        },
      },
    },
    "/grpc.gateway.examples.internal.examplepb.ABitOfEverythingService/Create": Object {
      "post": Object {
        "description": "Create a new ABitOfEverything

This API creates a new ABitOfEverything",
        "operationId": "grpc.gateway.examples.internal.examplepb.ABitOfEverythingService.Create",
        "requestBody": Object {
          "$ref": "#/components/requestBodies/grpc.gateway.examples.internal.examplepb.ABitOfEverything",
        },
        "responses": Object {
          "200": Object {
            "content": Object {
              "*/*": Object {
                "schema": Object {
                  "$ref": "#/components/schemas/grpc.gateway.examples.internal.examplepb.ABitOfEverything",
                },
              },
            },
            "description": "",
          },
        },
      },
    },
    "/grpc.gateway.examples.internal.examplepb.ABitOfEverythingService/CreateBody": Object {
      "post": Object {
        "description": "",
        "operationId": "grpc.gateway.examples.internal.examplepb.ABitOfEverythingService.CreateBody",
        "requestBody": Object {
          "$ref": "#/components/requestBodies/grpc.gateway.examples.internal.examplepb.ABitOfEverything",
        },
        "responses": Object {
          "200": Object {
            "content": Object {
              "*/*": Object {
                "schema": Object {
                  "$ref": "#/components/schemas/grpc.gateway.examples.internal.examplepb.ABitOfEverything",
                },
              },
            },
            "description": "",
          },
        },
      },
    },
    "/grpc.gateway.examples.internal.examplepb.ABitOfEverythingService/CreateBook": Object {
      "post": Object {
        "description": "Create a book.",
        "operationId": "grpc.gateway.examples.internal.examplepb.ABitOfEverythingService.CreateBook",
        "requestBody": Object {
          "content": Object {
            "application/json": Object {
              "schema": Object {
                "$ref": "#/components/schemas/grpc.gateway.examples.internal.examplepb.CreateBookRequest",
              },
            },
          },
          "description": "A standard Create message from AIP-133 with a user-specified ID.
The user-specified ID (the \`book_id\` field in this example) must become a
query parameter in the OpenAPI spec.

See: https://google.aip.dev/133#user-specified-ids",
          "required": true,
        },
        "responses": Object {
          "200": Object {
            "content": Object {
              "*/*": Object {
                "schema": Object {
                  "$ref": "#/components/schemas/grpc.gateway.examples.internal.examplepb.Book",
                },
              },
            },
            "description": "",
          },
        },
      },
    },
    "/grpc.gateway.examples.internal.examplepb.ABitOfEverythingService/DeepPathEcho": Object {
      "post": Object {
        "description": "",
        "operationId": "grpc.gateway.examples.internal.examplepb.ABitOfEverythingService.DeepPathEcho",
        "requestBody": Object {
          "$ref": "#/components/requestBodies/grpc.gateway.examples.internal.examplepb.ABitOfEverything",
        },
        "responses": Object {
          "200": Object {
            "content": Object {
              "*/*": Object {
                "schema": Object {
                  "$ref": "#/components/schemas/grpc.gateway.examples.internal.examplepb.ABitOfEverything",
                },
              },
            },
            "description": "",
          },
        },
      },
    },
    "/grpc.gateway.examples.internal.examplepb.ABitOfEverythingService/Delete": Object {
      "post": Object {
        "description": "",
        "operationId": "grpc.gateway.examples.internal.examplepb.ABitOfEverythingService.Delete",
        "responses": Object {
          "200": Object {
            "content": Object {
              "*/*": Object {
                "schema": Object {},
              },
            },
            "description": "",
          },
        },
      },
    },
    "/grpc.gateway.examples.internal.examplepb.ABitOfEverythingService/Echo": Object {
      "post": Object {
        "description": "Echo allows posting a StringMessage value.

It also exposes multiple bindings.

This makes it useful when validating that the OpenAPI v2 API
description exposes documentation correctly on all paths
defined as additional_bindings in the proto.",
        "operationId": "grpc.gateway.examples.internal.examplepb.ABitOfEverythingService.Echo",
        "responses": Object {
          "200": Object {
            "content": Object {
              "*/*": Object {
                "schema": Object {},
              },
            },
            "description": "",
          },
        },
      },
    },
    "/grpc.gateway.examples.internal.examplepb.ABitOfEverythingService/ErrorWithDetails": Object {
      "post": Object {
        "description": "",
        "operationId": "grpc.gateway.examples.internal.examplepb.ABitOfEverythingService.ErrorWithDetails",
        "responses": Object {
          "200": Object {
            "content": Object {
              "*/*": Object {
                "schema": Object {},
              },
            },
            "description": "",
          },
        },
      },
    },
    "/grpc.gateway.examples.internal.examplepb.ABitOfEverythingService/GetMessageWithBody": Object {
      "post": Object {
        "description": "",
        "operationId": "grpc.gateway.examples.internal.examplepb.ABitOfEverythingService.GetMessageWithBody",
        "requestBody": Object {
          "content": Object {
            "application/json": Object {
              "schema": Object {
                "$ref": "#/components/schemas/grpc.gateway.examples.internal.examplepb.MessageWithBody",
              },
            },
          },
          "required": true,
        },
        "responses": Object {
          "200": Object {
            "content": Object {
              "*/*": Object {
                "schema": Object {},
              },
            },
            "description": "",
          },
        },
      },
    },
    "/grpc.gateway.examples.internal.examplepb.ABitOfEverythingService/GetQuery": Object {
      "post": Object {
        "description": "",
        "operationId": "grpc.gateway.examples.internal.examplepb.ABitOfEverythingService.GetQuery",
        "requestBody": Object {
          "$ref": "#/components/requestBodies/grpc.gateway.examples.internal.examplepb.ABitOfEverything",
        },
        "responses": Object {
          "200": Object {
            "content": Object {
              "*/*": Object {
                "schema": Object {},
              },
            },
            "description": "",
          },
        },
      },
    },
    "/grpc.gateway.examples.internal.examplepb.ABitOfEverythingService/GetRepeatedQuery": Object {
      "post": Object {
        "description": "",
        "operationId": "grpc.gateway.examples.internal.examplepb.ABitOfEverythingService.GetRepeatedQuery",
        "requestBody": Object {
          "content": Object {
            "application/json": Object {
              "schema": Object {
                "$ref": "#/components/schemas/grpc.gateway.examples.internal.examplepb.ABitOfEverythingRepeated",
              },
            },
          },
          "description": "ABitOfEverythingRepeated is used to validate repeated path parameter functionality",
          "required": true,
        },
        "responses": Object {
          "200": Object {
            "content": Object {
              "*/*": Object {
                "schema": Object {
                  "$ref": "#/components/schemas/grpc.gateway.examples.internal.examplepb.ABitOfEverythingRepeated",
                },
              },
            },
            "description": "",
          },
        },
      },
    },
    "/grpc.gateway.examples.internal.examplepb.ABitOfEverythingService/Lookup": Object {
      "post": Object {
        "description": "",
        "operationId": "grpc.gateway.examples.internal.examplepb.ABitOfEverythingService.Lookup",
        "responses": Object {
          "200": Object {
            "content": Object {
              "*/*": Object {
                "schema": Object {
                  "$ref": "#/components/schemas/grpc.gateway.examples.internal.examplepb.ABitOfEverything",
                },
              },
            },
            "description": "",
          },
        },
      },
    },
    "/grpc.gateway.examples.internal.examplepb.ABitOfEverythingService/NoBindings": Object {
      "post": Object {
        "description": "",
        "operationId": "grpc.gateway.examples.internal.examplepb.ABitOfEverythingService.NoBindings",
        "responses": Object {
          "200": Object {
            "content": Object {
              "*/*": Object {
                "schema": Object {},
              },
            },
            "description": "",
          },
        },
      },
    },
    "/grpc.gateway.examples.internal.examplepb.ABitOfEverythingService/OverwriteResponseContentType": Object {
      "post": Object {
        "description": "",
        "operationId": "grpc.gateway.examples.internal.examplepb.ABitOfEverythingService.OverwriteResponseContentType",
        "responses": Object {
          "200": Object {
            "content": Object {
              "*/*": Object {
                "schema": Object {},
              },
            },
            "description": "",
          },
        },
      },
    },
    "/grpc.gateway.examples.internal.examplepb.ABitOfEverythingService/PostWithEmptyBody": Object {
      "post": Object {
        "description": "",
        "operationId": "grpc.gateway.examples.internal.examplepb.ABitOfEverythingService.PostWithEmptyBody",
        "requestBody": Object {
          "content": Object {
            "application/json": Object {
              "schema": Object {
                "$ref": "#/components/schemas/grpc.gateway.examples.internal.examplepb.Body",
              },
            },
          },
          "required": true,
        },
        "responses": Object {
          "200": Object {
            "content": Object {
              "*/*": Object {
                "schema": Object {},
              },
            },
            "description": "",
          },
        },
      },
    },
    "/grpc.gateway.examples.internal.examplepb.ABitOfEverythingService/Timeout": Object {
      "post": Object {
        "description": "",
        "operationId": "grpc.gateway.examples.internal.examplepb.ABitOfEverythingService.Timeout",
        "responses": Object {
          "200": Object {
            "content": Object {
              "*/*": Object {
                "schema": Object {},
              },
            },
            "description": "",
          },
        },
      },
    },
    "/grpc.gateway.examples.internal.examplepb.ABitOfEverythingService/Update": Object {
      "post": Object {
        "description": "",
        "operationId": "grpc.gateway.examples.internal.examplepb.ABitOfEverythingService.Update",
        "requestBody": Object {
          "$ref": "#/components/requestBodies/grpc.gateway.examples.internal.examplepb.ABitOfEverything",
        },
        "responses": Object {
          "200": Object {
            "content": Object {
              "*/*": Object {
                "schema": Object {},
              },
            },
            "description": "",
          },
        },
      },
    },
    "/grpc.gateway.examples.internal.examplepb.ABitOfEverythingService/UpdateV2": Object {
      "post": Object {
        "description": "",
        "operationId": "grpc.gateway.examples.internal.examplepb.ABitOfEverythingService.UpdateV2",
        "requestBody": Object {
          "content": Object {
            "application/json": Object {
              "schema": Object {
                "$ref": "#/components/schemas/grpc.gateway.examples.internal.examplepb.UpdateV2Request",
              },
            },
          },
          "description": "UpdateV2Request request for update includes the message and the update mask",
          "required": true,
        },
        "responses": Object {
          "200": Object {
            "content": Object {
              "*/*": Object {
                "schema": Object {},
              },
            },
            "description": "",
          },
        },
      },
    },
    "/grpc.gateway.examples.internal.examplepb.AnotherServiceWithNoBindings/NoBindings": Object {
      "post": Object {
        "description": "",
        "operationId": "grpc.gateway.examples.internal.examplepb.AnotherServiceWithNoBindings.NoBindings",
        "responses": Object {
          "200": Object {
            "content": Object {
              "*/*": Object {
                "schema": Object {},
              },
            },
            "description": "",
          },
        },
      },
    },
    "/grpc.gateway.examples.internal.examplepb.camelCaseServiceName/Empty": Object {
      "post": Object {
        "description": "",
        "operationId": "grpc.gateway.examples.internal.examplepb.camelCaseServiceName.Empty",
        "responses": Object {
          "200": Object {
            "content": Object {
              "*/*": Object {
                "schema": Object {},
              },
            },
            "description": "",
          },
        },
      },
    },
  },
}
`;

exports[`a bit of everything export v2 1`] = `
Object {
  "components": Object {
    "requestBodies": Object {
      "grpc.gateway.examples.internal.examplepb.ABitOfEverything": Object {
        "content": Object {
          "application/json": Object {
            "schema": Object {
              "$ref": "#/components/schemas/grpc.gateway.examples.internal.examplepb.ABitOfEverything",
            },
          },
        },
        "description": "Intentionally complicated message type to cover many features of Protobuf.",
        "required": true,
      },
    },
    "schemas": Object {
      "grpc.gateway.examples.internal.examplepb.ABitOfEverything": Object {
        "description": "Intentionally complicated message type to cover many features of Protobuf.",
        "properties": Object {
          "bool_value": Object {
            "type": "boolean",
          },
          "bytes_value": Object {
            "format": "byte",
            "type": "string",
          },
          "double_value": Object {
            "format": "double",
            "type": "string",
          },
          "enum_value": Object {
            "$ref": "#/components/schemas/grpc.gateway.examples.internal.examplepb.NumericEnum",
          },
          "enum_value_annotation": Object {
            "$ref": "#/components/schemas/grpc.gateway.examples.internal.examplepb.NumericEnum",
          },
          "fixed32_value": Object {
            "format": "int32",
            "type": "integer",
          },
          "fixed64_value": Object {
            "format": "int64",
            "type": "string",
          },
          "float_value": Object {
            "format": "float",
            "type": "number",
          },
          "int32_value": Object {
            "format": "int32",
            "type": "integer",
          },
          "int64_override_type": Object {
            "format": "int64",
            "type": "string",
          },
          "int64_value": Object {
            "format": "int64",
            "type": "string",
          },
          "map_value": Object {
            "$ref": "#/components/schemas/grpc.gateway.examples.internal.examplepb.NumericEnum",
          },
          "mapped_nested_value": Object {
            "$ref": "#/components/schemas/grpc.gateway.examples.internal.examplepb.ABitOfEverything.Nested",
          },
          "mapped_string_value": Object {
            "type": "string",
          },
          "nested": Object {
            "items": Object {
              "$ref": "#/components/schemas/grpc.gateway.examples.internal.examplepb.ABitOfEverything.Nested",
            },
            "type": "array",
          },
          "nested_annotation": Object {
            "$ref": "#/components/schemas/grpc.gateway.examples.internal.examplepb.ABitOfEverything.Nested",
          },
          "nested_path_enum_value": Object {},
          "nonConventionalNameValue": Object {
            "type": "string",
          },
          "oneof_empty": Object {},
          "oneof_string": Object {
            "type": "string",
          },
          "path_enum_value": Object {},
          "repeated_enum_annotation": Object {
            "description": "repeated numeric enum comment (This comment is overridden by the field annotation)",
            "items": Object {
              "$ref": "#/components/schemas/grpc.gateway.examples.internal.examplepb.NumericEnum",
            },
            "type": "array",
          },
          "repeated_enum_value": Object {
            "description": "repeated enum value. it is comma-separated in query",
            "items": Object {
              "$ref": "#/components/schemas/grpc.gateway.examples.internal.examplepb.NumericEnum",
            },
            "type": "array",
          },
          "repeated_nested_annotation": Object {
            "description": "repeated nested object comment (This comment is overridden by the field annotation)",
            "items": Object {
              "$ref": "#/components/schemas/grpc.gateway.examples.internal.examplepb.ABitOfEverything.Nested",
            },
            "type": "array",
          },
          "repeated_string_annotation": Object {
            "description": "repeated string comment (This comment is overridden by the field annotation)",
            "items": Object {
              "type": "string",
            },
            "type": "array",
          },
          "repeated_string_value": Object {
            "items": Object {
              "type": "string",
            },
            "type": "array",
          },
          "sfixed32_value": Object {
            "format": "int64",
            "type": "integer",
          },
          "sfixed64_value": Object {
            "format": "int64",
            "type": "string",
          },
          "single_nested": Object {
            "$ref": "#/components/schemas/grpc.gateway.examples.internal.examplepb.ABitOfEverything.Nested",
          },
          "sint32_value": Object {
            "format": "int32",
            "type": "integer",
          },
          "sint64_value": Object {
            "format": "int64",
            "type": "string",
          },
          "string_value": Object {
            "type": "string",
          },
          "timestamp_value": Object {},
          "uint32_value": Object {
            "format": "int32",
            "type": "integer",
          },
          "uint64_value": Object {
            "format": "int64",
            "type": "string",
          },
          "uuid": Object {
            "type": "string",
          },
        },
        "type": "object",
      },
      "grpc.gateway.examples.internal.examplepb.ABitOfEverything.Nested": Object {
        "description": "Nested is nested type.",
        "properties": Object {
          "amount": Object {
            "format": "int32",
            "type": "integer",
          },
          "name": Object {
            "description": "name is nested field.",
            "type": "string",
          },
          "ok": Object {
            "$ref": "#/components/schemas/grpc.gateway.examples.internal.examplepb.ABitOfEverything.Nested.DeepEnum",
          },
        },
        "type": "object",
      },
      "grpc.gateway.examples.internal.examplepb.ABitOfEverything.Nested.DeepEnum": Object {
        "description": "DeepEnum is one or zero.
0 - FALSE // FALSE is false.
1 - TRUE // TRUE is true.",
        "enum": Array [
          0,
          1,
        ],
        "type": "number",
      },
      "grpc.gateway.examples.internal.examplepb.ABitOfEverythingRepeated": Object {
        "description": "ABitOfEverythingRepeated is used to validate repeated path parameter functionality",
        "properties": Object {
          "path_repeated_bool_value": Object {
            "items": Object {
              "type": "boolean",
            },
            "type": "array",
          },
          "path_repeated_bytes_value": Object {
            "items": Object {
              "format": "byte",
              "type": "string",
            },
            "type": "array",
          },
          "path_repeated_double_value": Object {
            "items": Object {
              "format": "double",
              "type": "string",
            },
            "type": "array",
          },
          "path_repeated_enum_value": Object {
            "items": Object {
              "$ref": "#/components/schemas/grpc.gateway.examples.internal.examplepb.NumericEnum",
            },
            "type": "array",
          },
          "path_repeated_fixed32_value": Object {
            "items": Object {
              "format": "int32",
              "type": "integer",
            },
            "type": "array",
          },
          "path_repeated_fixed64_value": Object {
            "items": Object {
              "format": "int64",
              "type": "string",
            },
            "type": "array",
          },
          "path_repeated_float_value": Object {
            "description": "repeated values. they are comma-separated in path",
            "items": Object {
              "format": "float",
              "type": "number",
            },
            "type": "array",
          },
          "path_repeated_int32_value": Object {
            "items": Object {
              "format": "int32",
              "type": "integer",
            },
            "type": "array",
          },
          "path_repeated_int64_value": Object {
            "items": Object {
              "format": "int64",
              "type": "string",
            },
            "type": "array",
          },
          "path_repeated_sfixed32_value": Object {
            "items": Object {
              "format": "int64",
              "type": "integer",
            },
            "type": "array",
          },
          "path_repeated_sfixed64_value": Object {
            "items": Object {
              "format": "int64",
              "type": "string",
            },
            "type": "array",
          },
          "path_repeated_sint32_value": Object {
            "items": Object {
              "format": "int32",
              "type": "integer",
            },
            "type": "array",
          },
          "path_repeated_sint64_value": Object {
            "items": Object {
              "format": "int64",
              "type": "string",
            },
            "type": "array",
          },
          "path_repeated_string_value": Object {
            "items": Object {
              "type": "string",
            },
            "type": "array",
          },
          "path_repeated_uint32_value": Object {
            "items": Object {
              "format": "int32",
              "type": "integer",
            },
            "type": "array",
          },
          "path_repeated_uint64_value": Object {
            "items": Object {
              "format": "int64",
              "type": "string",
            },
            "type": "array",
          },
        },
        "type": "object",
      },
      "grpc.gateway.examples.internal.examplepb.Body": Object {
        "properties": Object {
          "name": Object {
            "type": "string",
          },
        },
        "type": "object",
      },
      "grpc.gateway.examples.internal.examplepb.Book": Object {
        "description": "An example resource type from AIP-123 used to test the behavior described in
the CreateBookRequest message.

See: https://google.aip.dev/123",
        "properties": Object {
          "create_time": Object {
            "description": "Output only. Creation time of the book.",
          },
          "id": Object {
            "description": "Output only. The book's ID.",
            "type": "string",
          },
          "name": Object {
            "description": "The resource name of the book.

Format: \`publishers/{publisher}/books/{book}\`

Example: \`publishers/1257894000000000000/books/my-book\`",
            "type": "string",
          },
        },
        "type": "object",
      },
      "grpc.gateway.examples.internal.examplepb.CreateBookRequest": Object {
        "description": "A standard Create message from AIP-133 with a user-specified ID.
The user-specified ID (the \`book_id\` field in this example) must become a
query parameter in the OpenAPI spec.

See: https://google.aip.dev/133#user-specified-ids",
        "properties": Object {
          "book": Object {
            "$ref": "#/components/schemas/grpc.gateway.examples.internal.examplepb.Book",
          },
          "book_id": Object {
            "description": "The ID to use for the book.

This must start with an alphanumeric character.",
            "type": "string",
          },
          "parent": Object {
            "description": "The publisher in which to create the book.

Format: \`publishers/{publisher}\`

Example: \`publishers/1257894000000000000\`",
            "type": "string",
          },
        },
        "type": "object",
      },
      "grpc.gateway.examples.internal.examplepb.MessageWithBody": Object {
        "properties": Object {
          "data": Object {
            "$ref": "#/components/schemas/grpc.gateway.examples.internal.examplepb.Body",
          },
          "id": Object {
            "type": "string",
          },
        },
        "type": "object",
      },
      "grpc.gateway.examples.internal.examplepb.NumericEnum": Object {
        "description": "NumericEnum is one or zero.
0 - ZERO // ZERO means 0
1 - ONE // ONE means 1",
        "enum": Array [
          0,
          1,
        ],
        "type": "number",
      },
      "grpc.gateway.examples.internal.examplepb.UpdateV2Request": Object {
        "description": "UpdateV2Request request for update includes the message and the update mask",
        "properties": Object {
          "abe": Object {
            "$ref": "#/components/schemas/grpc.gateway.examples.internal.examplepb.ABitOfEverything",
          },
          "update_mask": Object {},
        },
        "type": "object",
      },
    },
  },
  "info": Object {
    "description": "",
    "title": "a_bit_of_everything",
    "version": "1",
  },
  "openapi": "3.0.0",
  "paths": Object {
    "/grpc.gateway.examples.internal.examplepb.ABitOfEverythingService/CheckExternalNestedPathEnum": Object {
      "post": Object {
        "description": "",
        "operationId": "grpc.gateway.examples.internal.examplepb.ABitOfEverythingService.CheckExternalNestedPathEnum",
        "responses": Object {
          "200": Object {
            "content": Object {
              "*/*": Object {
                "schema": Object {},
              },
            },
            "description": "",
          },
        },
      },
    },
    "/grpc.gateway.examples.internal.examplepb.ABitOfEverythingService/CheckExternalPathEnum": Object {
      "post": Object {
        "description": "",
        "operationId": "grpc.gateway.examples.internal.examplepb.ABitOfEverythingService.CheckExternalPathEnum",
        "responses": Object {
          "200": Object {
            "content": Object {
              "*/*": Object {
                "schema": Object {},
              },
            },
            "description": "",
          },
        },
      },
    },
    "/grpc.gateway.examples.internal.examplepb.ABitOfEverythingService/CheckGetQueryParams": Object {
      "post": Object {
        "description": "",
        "operationId": "grpc.gateway.examples.internal.examplepb.ABitOfEverythingService.CheckGetQueryParams",
        "requestBody": Object {
          "$ref": "#/components/requestBodies/grpc.gateway.examples.internal.examplepb.ABitOfEverything",
        },
        "responses": Object {
          "200": Object {
            "content": Object {
              "*/*": Object {
                "schema": Object {
                  "$ref": "#/components/schemas/grpc.gateway.examples.internal.examplepb.ABitOfEverything",
                },
              },
            },
            "description": "",
          },
        },
      },
    },
    "/grpc.gateway.examples.internal.examplepb.ABitOfEverythingService/CheckNestedEnumGetQueryParams": Object {
      "post": Object {
        "description": "",
        "operationId": "grpc.gateway.examples.internal.examplepb.ABitOfEverythingService.CheckNestedEnumGetQueryParams",
        "requestBody": Object {
          "$ref": "#/components/requestBodies/grpc.gateway.examples.internal.examplepb.ABitOfEverything",
        },
        "responses": Object {
          "200": Object {
            "content": Object {
              "*/*": Object {
                "schema": Object {
                  "$ref": "#/components/schemas/grpc.gateway.examples.internal.examplepb.ABitOfEverything",
                },
              },
            },
            "description": "",
          },
        },
      },
    },
    "/grpc.gateway.examples.internal.examplepb.ABitOfEverythingService/CheckPostQueryParams": Object {
      "post": Object {
        "description": "",
        "operationId": "grpc.gateway.examples.internal.examplepb.ABitOfEverythingService.CheckPostQueryParams",
        "requestBody": Object {
          "$ref": "#/components/requestBodies/grpc.gateway.examples.internal.examplepb.ABitOfEverything",
        },
        "responses": Object {
          "200": Object {
            "content": Object {
              "*/*": Object {
                "schema": Object {
                  "$ref": "#/components/schemas/grpc.gateway.examples.internal.examplepb.ABitOfEverything",
                },
              },
            },
            "description": "",
          },
        },
      },
    },
    "/grpc.gateway.examples.internal.examplepb.ABitOfEverythingService/Create": Object {
      "post": Object {
        "description": "Create a new ABitOfEverything

This API creates a new ABitOfEverything",
        "operationId": "grpc.gateway.examples.internal.examplepb.ABitOfEverythingService.Create",
        "requestBody": Object {
          "$ref": "#/components/requestBodies/grpc.gateway.examples.internal.examplepb.ABitOfEverything",
        },
        "responses": Object {
          "200": Object {
            "content": Object {
              "*/*": Object {
                "schema": Object {
                  "$ref": "#/components/schemas/grpc.gateway.examples.internal.examplepb.ABitOfEverything",
                },
              },
            },
            "description": "",
          },
        },
      },
    },
    "/grpc.gateway.examples.internal.examplepb.ABitOfEverythingService/CreateBody": Object {
      "post": Object {
        "description": "",
        "operationId": "grpc.gateway.examples.internal.examplepb.ABitOfEverythingService.CreateBody",
        "requestBody": Object {
          "$ref": "#/components/requestBodies/grpc.gateway.examples.internal.examplepb.ABitOfEverything",
        },
        "responses": Object {
          "200": Object {
            "content": Object {
              "*/*": Object {
                "schema": Object {
                  "$ref": "#/components/schemas/grpc.gateway.examples.internal.examplepb.ABitOfEverything",
                },
              },
            },
            "description": "",
          },
        },
      },
    },
    "/grpc.gateway.examples.internal.examplepb.ABitOfEverythingService/CreateBook": Object {
      "post": Object {
        "description": "Create a book.",
        "operationId": "grpc.gateway.examples.internal.examplepb.ABitOfEverythingService.CreateBook",
        "requestBody": Object {
          "content": Object {
            "application/json": Object {
              "schema": Object {
                "$ref": "#/components/schemas/grpc.gateway.examples.internal.examplepb.CreateBookRequest",
              },
            },
          },
          "description": "A standard Create message from AIP-133 with a user-specified ID.
The user-specified ID (the \`book_id\` field in this example) must become a
query parameter in the OpenAPI spec.

See: https://google.aip.dev/133#user-specified-ids",
          "required": true,
        },
        "responses": Object {
          "200": Object {
            "content": Object {
              "*/*": Object {
                "schema": Object {
                  "$ref": "#/components/schemas/grpc.gateway.examples.internal.examplepb.Book",
                },
              },
            },
            "description": "",
          },
        },
      },
    },
    "/grpc.gateway.examples.internal.examplepb.ABitOfEverythingService/DeepPathEcho": Object {
      "post": Object {
        "description": "",
        "operationId": "grpc.gateway.examples.internal.examplepb.ABitOfEverythingService.DeepPathEcho",
        "requestBody": Object {
          "$ref": "#/components/requestBodies/grpc.gateway.examples.internal.examplepb.ABitOfEverything",
        },
        "responses": Object {
          "200": Object {
            "content": Object {
              "*/*": Object {
                "schema": Object {
                  "$ref": "#/components/schemas/grpc.gateway.examples.internal.examplepb.ABitOfEverything",
                },
              },
            },
            "description": "",
          },
        },
      },
    },
    "/grpc.gateway.examples.internal.examplepb.ABitOfEverythingService/Delete": Object {
      "post": Object {
        "description": "",
        "operationId": "grpc.gateway.examples.internal.examplepb.ABitOfEverythingService.Delete",
        "responses": Object {
          "200": Object {
            "content": Object {
              "*/*": Object {
                "schema": Object {},
              },
            },
            "description": "",
          },
        },
      },
    },
    "/grpc.gateway.examples.internal.examplepb.ABitOfEverythingService/Echo": Object {
      "post": Object {
        "description": "Echo allows posting a StringMessage value.

It also exposes multiple bindings.

This makes it useful when validating that the OpenAPI v2 API
description exposes documentation correctly on all paths
defined as additional_bindings in the proto.",
        "operationId": "grpc.gateway.examples.internal.examplepb.ABitOfEverythingService.Echo",
        "responses": Object {
          "200": Object {
            "content": Object {
              "*/*": Object {
                "schema": Object {},
              },
            },
            "description": "",
          },
        },
      },
    },
    "/grpc.gateway.examples.internal.examplepb.ABitOfEverythingService/ErrorWithDetails": Object {
      "post": Object {
        "description": "",
        "operationId": "grpc.gateway.examples.internal.examplepb.ABitOfEverythingService.ErrorWithDetails",
        "responses": Object {
          "200": Object {
            "content": Object {
              "*/*": Object {
                "schema": Object {},
              },
            },
            "description": "",
          },
        },
      },
    },
    "/grpc.gateway.examples.internal.examplepb.ABitOfEverythingService/GetMessageWithBody": Object {
      "post": Object {
        "description": "",
        "operationId": "grpc.gateway.examples.internal.examplepb.ABitOfEverythingService.GetMessageWithBody",
        "requestBody": Object {
          "content": Object {
            "application/json": Object {
              "schema": Object {
                "$ref": "#/components/schemas/grpc.gateway.examples.internal.examplepb.MessageWithBody",
              },
            },
          },
          "required": true,
        },
        "responses": Object {
          "200": Object {
            "content": Object {
              "*/*": Object {
                "schema": Object {},
              },
            },
            "description": "",
          },
        },
      },
    },
    "/grpc.gateway.examples.internal.examplepb.ABitOfEverythingService/GetQuery": Object {
      "post": Object {
        "description": "",
        "operationId": "grpc.gateway.examples.internal.examplepb.ABitOfEverythingService.GetQuery",
        "requestBody": Object {
          "$ref": "#/components/requestBodies/grpc.gateway.examples.internal.examplepb.ABitOfEverything",
        },
        "responses": Object {
          "200": Object {
            "content": Object {
              "*/*": Object {
                "schema": Object {},
              },
            },
            "description": "",
          },
        },
      },
    },
    "/grpc.gateway.examples.internal.examplepb.ABitOfEverythingService/GetRepeatedQuery": Object {
      "post": Object {
        "description": "",
        "operationId": "grpc.gateway.examples.internal.examplepb.ABitOfEverythingService.GetRepeatedQuery",
        "requestBody": Object {
          "content": Object {
            "application/json": Object {
              "schema": Object {
                "$ref": "#/components/schemas/grpc.gateway.examples.internal.examplepb.ABitOfEverythingRepeated",
              },
            },
          },
          "description": "ABitOfEverythingRepeated is used to validate repeated path parameter functionality",
          "required": true,
        },
        "responses": Object {
          "200": Object {
            "content": Object {
              "*/*": Object {
                "schema": Object {
                  "$ref": "#/components/schemas/grpc.gateway.examples.internal.examplepb.ABitOfEverythingRepeated",
                },
              },
            },
            "description": "",
          },
        },
      },
    },
    "/grpc.gateway.examples.internal.examplepb.ABitOfEverythingService/Lookup": Object {
      "post": Object {
        "description": "",
        "operationId": "grpc.gateway.examples.internal.examplepb.ABitOfEverythingService.Lookup",
        "responses": Object {
          "200": Object {
            "content": Object {
              "*/*": Object {
                "schema": Object {
                  "$ref": "#/components/schemas/grpc.gateway.examples.internal.examplepb.ABitOfEverything",
                },
              },
            },
            "description": "",
          },
        },
      },
    },
    "/grpc.gateway.examples.internal.examplepb.ABitOfEverythingService/NoBindings": Object {
      "post": Object {
        "description": "",
        "operationId": "grpc.gateway.examples.internal.examplepb.ABitOfEverythingService.NoBindings",
        "responses": Object {
          "200": Object {
            "content": Object {
              "*/*": Object {
                "schema": Object {},
              },
            },
            "description": "",
          },
        },
      },
    },
    "/grpc.gateway.examples.internal.examplepb.ABitOfEverythingService/OverwriteResponseContentType": Object {
      "post": Object {
        "description": "",
        "operationId": "grpc.gateway.examples.internal.examplepb.ABitOfEverythingService.OverwriteResponseContentType",
        "responses": Object {
          "200": Object {
            "content": Object {
              "*/*": Object {
                "schema": Object {},
              },
            },
            "description": "",
          },
        },
      },
    },
    "/grpc.gateway.examples.internal.examplepb.ABitOfEverythingService/PostWithEmptyBody": Object {
      "post": Object {
        "description": "",
        "operationId": "grpc.gateway.examples.internal.examplepb.ABitOfEverythingService.PostWithEmptyBody",
        "requestBody": Object {
          "content": Object {
            "application/json": Object {
              "schema": Object {
                "$ref": "#/components/schemas/grpc.gateway.examples.internal.examplepb.Body",
              },
            },
          },
          "required": true,
        },
        "responses": Object {
          "200": Object {
            "content": Object {
              "*/*": Object {
                "schema": Object {},
              },
            },
            "description": "",
          },
        },
      },
    },
    "/grpc.gateway.examples.internal.examplepb.ABitOfEverythingService/Timeout": Object {
      "post": Object {
        "description": "",
        "operationId": "grpc.gateway.examples.internal.examplepb.ABitOfEverythingService.Timeout",
        "responses": Object {
          "200": Object {
            "content": Object {
              "*/*": Object {
                "schema": Object {},
              },
            },
            "description": "",
          },
        },
      },
    },
    "/grpc.gateway.examples.internal.examplepb.ABitOfEverythingService/Update": Object {
      "post": Object {
        "description": "",
        "operationId": "grpc.gateway.examples.internal.examplepb.ABitOfEverythingService.Update",
        "requestBody": Object {
          "$ref": "#/components/requestBodies/grpc.gateway.examples.internal.examplepb.ABitOfEverything",
        },
        "responses": Object {
          "200": Object {
            "content": Object {
              "*/*": Object {
                "schema": Object {},
              },
            },
            "description": "",
          },
        },
      },
    },
    "/grpc.gateway.examples.internal.examplepb.ABitOfEverythingService/UpdateV2": Object {
      "post": Object {
        "description": "",
        "operationId": "grpc.gateway.examples.internal.examplepb.ABitOfEverythingService.UpdateV2",
        "requestBody": Object {
          "content": Object {
            "application/json": Object {
              "schema": Object {
                "$ref": "#/components/schemas/grpc.gateway.examples.internal.examplepb.UpdateV2Request",
              },
            },
          },
          "description": "UpdateV2Request request for update includes the message and the update mask",
          "required": true,
        },
        "responses": Object {
          "200": Object {
            "content": Object {
              "*/*": Object {
                "schema": Object {},
              },
            },
            "description": "",
          },
        },
      },
    },
    "/grpc.gateway.examples.internal.examplepb.AnotherServiceWithNoBindings/NoBindings": Object {
      "post": Object {
        "description": "",
        "operationId": "grpc.gateway.examples.internal.examplepb.AnotherServiceWithNoBindings.NoBindings",
        "responses": Object {
          "200": Object {
            "content": Object {
              "*/*": Object {
                "schema": Object {},
              },
            },
            "description": "",
          },
        },
      },
    },
    "/grpc.gateway.examples.internal.examplepb.camelCaseServiceName/Empty": Object {
      "post": Object {
        "description": "",
        "operationId": "grpc.gateway.examples.internal.examplepb.camelCaseServiceName.Empty",
        "responses": Object {
          "200": Object {
            "content": Object {
              "*/*": Object {
                "schema": Object {},
              },
            },
            "description": "",
          },
        },
      },
    },
  },
}
`;
